Python benchmark suite 1.14.0


==================================================
( 1/1) creating venv for benchmark (pyflate)

(trying common venv first)
Installing requirements into the virtual environment /home/ubuntu/subPyflate/venv/cpython3.10-73966b47cd1a-compat-31b33d68c68a
# /home/ubuntu/subPyflate/venv/cpython3.10-73966b47cd1a-compat-31b33d68c68a/bin/python -m pip install pyperf==2.10.0
Requirement already satisfied: pyperf==2.10.0 in ./venv/cpython3.10-73966b47cd1a-compat-31b33d68c68a/lib/python3.10/site-packages (2.10.0)
Requirement already satisfied: psutil>=5.9.0 in ./venv/cpython3.10-73966b47cd1a-compat-31b33d68c68a/lib/python3.10/site-packages (from pyperf==2.10.0) (7.2.2)
Installing requirements into the virtual environment /home/ubuntu/subPyflate/venv/cpython3.10-73966b47cd1a-compat-31b33d68c68a
# /home/ubuntu/subPyflate/venv/cpython3.10-73966b47cd1a-compat-31b33d68c68a/bin/python -m pip install psutil
Requirement already satisfied: psutil in ./venv/cpython3.10-73966b47cd1a-compat-31b33d68c68a/lib/python3.10/site-packages (7.2.2)
# /home/ubuntu/subPyflate/venv/cpython3.10-73966b47cd1a-compat-31b33d68c68a/bin/python -m pip freeze
packaging==26.3
psutil==7.2.2
pyperf==2.10.0
# /home/ubuntu/subPyflate/venv/cpython3.10-73966b47cd1a-compat-31b33d68c68a/bin/python -m pip freeze
packaging==26.3
psutil==7.2.2
pyperf==2.10.0

[1/1] pyflate...
# /home/ubuntu/subPyflate/venv/cpython3.10-73966b47cd1a-compat-31b33d68c68a/bin/python -u /usr/local/lib/python3.10/dist-packages/pyperformance/data-files/benchmarks/bm_pyflate/run_benchmark.py --fast --output /tmp/tmpbd7lr1_m --inherit-environ PYPERFORMANCE_RUNID
...........
WARNING: the benchmark result may be unstable
* Not enough samples to get a stable result (95% certainly of less than 1% variation)

Try to rerun the benchmark with more runs, values and/or loops.
Run 'python -m pyperf system tune' command to reduce the system jitter.
Use pyperf stats, pyperf dump and pyperf hist to analyze results.
Use --quiet option to hide these warnings.

pyflate: Mean +- std dev: 35.8 sec +- 1.7 sec

Performance version: 1.14.0
Python version: 3.10.12 (64-bit)
Report on Linux-5.15.0-191-generic-x86_64-with-glibc2.35
Number of logical CPUs: 2
Start date: 2026-09-21 00:41:35.641173
End date: 2026-09-21 01:01:47.365126

### pyflate ###
Mean +- std dev: 35.8 sec +- 1.7 sec

[ perf record: Woken up 433276 times to write data ]
[ perf record: Captured and wrote 80.237 MB profiling/perf_baseline.data (1087005 samples) ]
