Python benchmark suite 1.14.0


==================================================
( 1/1) creating venv for benchmark (pyflate_final)

(trying common venv first)
Installing requirements into the virtual environment /home/ubuntu/subPyflate/venv/cpython3.10-73966b47cd1a-compat-31b33d68c68a
# /home/ubuntu/subPyflate/venv/cpython3.10-73966b47cd1a-compat-31b33d68c68a/bin/python -m pip install pyperf==2.10.0
Requirement already satisfied: pyperf==2.10.0 in ./venv/cpython3.10-73966b47cd1a-compat-31b33d68c68a/lib/python3.10/site-packages (2.10.0)
Requirement already satisfied: psutil>=5.9.0 in ./venv/cpython3.10-73966b47cd1a-compat-31b33d68c68a/lib/python3.10/site-packages (from pyperf==2.10.0) (7.2.2)
Installing requirements into the virtual environment /home/ubuntu/subPyflate/venv/cpython3.10-73966b47cd1a-compat-31b33d68c68a
# /home/ubuntu/subPyflate/venv/cpython3.10-73966b47cd1a-compat-31b33d68c68a/bin/python -m pip install psutil
Requirement already satisfied: psutil in ./venv/cpython3.10-73966b47cd1a-compat-31b33d68c68a/lib/python3.10/site-packages (7.2.2)
# /home/ubuntu/subPyflate/venv/cpython3.10-73966b47cd1a-compat-31b33d68c68a/bin/python -m pip freeze
packaging==26.3
psutil==7.2.2
pyperf==2.10.0
# /home/ubuntu/subPyflate/venv/cpython3.10-73966b47cd1a-compat-31b33d68c68a/bin/python -m pip freeze
packaging==26.3
psutil==7.2.2
pyperf==2.10.0

[1/1] pyflate_final...
# /home/ubuntu/subPyflate/venv/cpython3.10-73966b47cd1a-compat-31b33d68c68a/bin/python -u /home/ubuntu/subPyflate/optimized/final/run_benchmark.py --fast --output /tmp/tmpe4oy0rd3 --inherit-environ PYPERFORMANCE_RUNID
...........
WARNING: the benchmark result may be unstable
* Not enough samples to get a stable result (95% certainly of less than 1% variation)

Try to rerun the benchmark with more runs, values and/or loops.
Run 'python -m pyperf system tune' command to reduce the system jitter.
Use pyperf stats, pyperf dump and pyperf hist to analyze results.
Use --quiet option to hide these warnings.

pyflate_final: Mean +- std dev: 22.3 sec +- 0.8 sec

Performance version: 1.14.0
Python version: 3.10.12 (64-bit)
Report on Linux-5.15.0-191-generic-x86_64-with-glibc2.35
Number of logical CPUs: 2
Start date: 2026-09-21 01:39:48.812903
End date: 2026-09-21 01:52:36.303229

### pyflate_final ###
Mean +- std dev: 22.3 sec +- 0.8 sec

[ perf record: Woken up 202 times to write data ]
[ perf record: Captured and wrote 50.467 MB profiling/perf_final.data (714110 samples) ]
